******************************************************************************
                  TI ARM Linker PC v20.2.1                     
******************************************************************************
>> Linked Wed Oct 28 13:24:36 2020

OUTPUT FILE NAME:   <prueba_i2c0.out>
ENTRY POINT SYMBOL: "_c_int00_noargs"  address: 0000286d


MEMORY CONFIGURATION

         name            origin    length      used     unused   attr    fill
----------------------  --------  ---------  --------  --------  ----  --------
  FLASH                 00000000   00040000  00002c92  0003d36e  R  X
  SRAM                  20000000   00008000  00000600  00007a00  RW X


SEGMENT ALLOCATION MAP

run origin  load origin   length   init length attrs members
----------  ----------- ---------- ----------- ----- -------
00000000    00000000    00002c98   00002c98    r-x
  00000000    00000000    0000026c   0000026c    r-- .intvecs
  0000026c    0000026c    00002882   00002882    r-x .text
  00002af0    00002af0    00000144   00000144    r-- .const
  00002c38    00002c38    00000060   00000060    r-- .cinit
20000000    20000000    00000604   00000000    rw-
  20000000    20000000    0000026c   00000000    rw- .vtable
  20000270    20000270    00000200   00000000    rw- .stack
  20000470    20000470    00000164   00000000    rw- .bss
  200005d4    200005d4    00000030   00000000    rw- .data


SECTION ALLOCATION MAP

 output                                  attributes/
section   page    origin      length       input sections
--------  ----  ----------  ----------   ----------------
.intvecs   0    00000000    0000026c     
                  00000000    0000026c     tm4c123gh6pm_startup_ccs.obj (.intvecs)

.text      0    0000026c    00002882     
                  0000026c    000009c0     rtsv7M4_T_le_v4SPD16_eabi.lib : e_pow.c.obj (.text:pow)
                  00000c2c    00000508     i2c_lcd.obj (.text)
                  00001134    00000328     main.obj (.text)
                  0000145c    000001e4     i2c_max30100.obj (.text)
                  00001640    000001b6     rtsv7M4_T_le_v4SPD16_eabi.lib : fd_add_t2.asm.obj (.text)
                  000017f6    00000002     --HOLE-- [fill = 0]
                  000017f8    0000016c     driverlib.lib : gpio.obj (.text:GPIOPadConfigSet)
                  00001964    00000164     float_to_string.obj (.text)
                  00001ac8    00000158     rtsv7M4_T_le_v4SPD16_eabi.lib : e_sqrt.c.obj (.text:sqrt)
                  00001c20    00000136                                   : fd_div_t2.asm.obj (.text)
                  00001d56    00000002     --HOLE-- [fill = 0]
                  00001d58    00000118     driverlib.lib : sysctl.obj (.text:SysCtlClockGet)
                  00001e70    00000110     rtsv7M4_T_le_v4SPD16_eabi.lib : s_scalbn.c.obj (.text:scalbn)
                  00001f80    000000fc                                   : fd_mul_t2.asm.obj (.text)
                  0000207c    000000f4     driverlib.lib : sysctl.obj (.text:SysCtlClockSet)
                  00002170    0000009c     rtsv7M4_T_le_v4SPD16_eabi.lib : memcpy_t2.asm.obj (.text)
                  0000220c    00000086                                   : fd_cmp_t2.asm.obj (.text:__aeabi_cdcmple)
                  00002292    00000086                                   : fd_cmp_t2.asm.obj (.text:__aeabi_cdrcmple)
                  00002318    0000007c     bluetooth.obj (.text)
                  00002394    0000007a     driverlib.lib : adc.obj (.text:ADCSequenceStepConfigure)
                  0000240e    0000006e     rtsv7M4_T_le_v4SPD16_eabi.lib : fd_tos_t2.asm.obj (.text)
                  0000247c    00000068     driverlib.lib : interrupt.obj (.text:IntEnable)
                  000024e4    00000068     rtsv7M4_T_le_v4SPD16_eabi.lib : copy_decompress_lzss.c.obj (.text:decompress:lzss:__TI_decompress_lzss)
                  0000254c    00000060     driverlib.lib : timer.obj (.text:TimerConfigure)
                  000025ac    0000005c                   : timer.obj (.text:TimerControlTrigger)
                  00002608    00000050                   : adc.obj (.text:_ADCIntNumberGet)
                  00002658    0000004e                   : adc.obj (.text:ADCSequenceConfigure)
                  000026a6    00000002     --HOLE-- [fill = 0]
                  000026a8    0000004c                   : gpio.obj (.text:GPIOPinConfigure)
                  000026f4    0000004c                   : i2c.obj (.text:I2CMasterInitExpClk)
                  00002740    00000046                   : uart.obj (.text:UARTConfigSetExpClk)
                  00002786    00000002     --HOLE-- [fill = 0]
                  00002788    00000044     rtsv7M4_T_le_v4SPD16_eabi.lib : autoinit.c.obj (.text:__TI_auto_init_nobinit_nopinit:__TI_auto_init_nobinit_nopinit)
                  000027cc    00000038                                   : fs_tod_t2.asm.obj (.text)
                  00002804    00000034     driverlib.lib : interrupt.obj (.text:IntRegister)
                  00002838    00000034                   : sysctl.obj (.text:SysCtlPeripheralEnable)
                  0000286c    00000034     rtsv7M4_T_le_v4SPD16_eabi.lib : boot_cortex_m.c.obj (.text:_c_int00_noargs:_c_int00_noargs)
                  000028a0    0000002e                                   : i_tofd_t2.asm.obj (.text)
                  000028ce    0000002c     driverlib.lib : gpio.obj (.text:GPIODirModeSet)
                  000028fa    00000002     --HOLE-- [fill = 0]
                  000028fc    00000020                   : uart.obj (.text:UARTDisable)
                  0000291c    00000020     rtsv7M4_T_le_v4SPD16_eabi.lib : u_tofd_t2.asm.obj (.text)
                  0000293c    0000001e     driverlib.lib : adc.obj (.text:ADCSequenceDataGet)
                  0000295a    0000001c     rtsv7M4_T_le_v4SPD16_eabi.lib : copy_zero_init.c.obj (.text:decompress:ZI:__TI_zero_init_nomemset:__TI_zero_init_nomemset)
                  00002976    0000001a                                   : s_copysign.c.obj (.text:copysign)
                  00002990    00000018     driverlib.lib : adc.obj (.text:ADCIntRegister)
                  000029a8    00000016                   : gpio.obj (.text:GPIOPinTypeADC)
                  000029be    00000016                   : gpio.obj (.text:GPIOPinTypeI2C)
                  000029d4    00000016                   : gpio.obj (.text:GPIOPinTypeI2CSCL)
                  000029ea    00000016                   : gpio.obj (.text:GPIOPinTypeUART)
                  00002a00    00000014                   : uart.obj (.text:UARTEnable)
                  00002a14    00000012                   : timer.obj (.text:TimerLoadSet)
                  00002a26    00000010                   : adc.obj (.text:ADCIntEnable)
                  00002a36    00000010                   : interrupt.obj (.text:IntMasterEnable)
                  00002a46    0000000e                   : adc.obj (.text:ADCSequenceDisable)
                  00002a54    0000000e                   : adc.obj (.text:ADCSequenceEnable)
                  00002a62    0000000e                   : timer.obj (.text:TimerEnable)
                  00002a70    0000000e     rtsv7M4_T_le_v4SPD16_eabi.lib : copy_decompress_none.c.obj (.text:decompress:none:__TI_decompress_none)
                  00002a7e    0000000c     driverlib.lib : cpu.obj (.text:CPUcpsie)
                  00002a8a    0000000c     tm4c123gh6pm_startup_ccs.obj (.text)
                  00002a96    0000000a     driverlib.lib : adc.obj (.text:ADCIntClear)
                  00002aa0    0000000a                   : i2c.obj (.text:I2CMasterEnable)
                  00002aaa    0000000a                   : uart.obj (.text:UARTCharPut)
                  00002ab4    00000008                   : i2c.obj (.text:I2CMasterBusy)
                  00002abc    00000008                   : i2c.obj (.text:I2CMasterSlaveAddrSet)
                  00002ac4    00000008                   : uart.obj (.text:UARTBusy)
                  00002acc    00000008     rtsv7M4_T_le_v4SPD16_eabi.lib : errno.c.obj (.text:__aeabi_errno_addr)
                  00002ad4    00000006     driverlib.lib : sysctl.obj (.text:SysCtlDelay)
                  00002ada    00000004                   : i2c.obj (.text:I2CMasterControl)
                  00002ade    00000004                   : i2c.obj (.text:I2CMasterDataGet)
                  00002ae2    00000004                   : i2c.obj (.text:I2CMasterDataPut)
                  00002ae6    00000004     rtsv7M4_T_le_v4SPD16_eabi.lib : pre_init.c.obj (.text:_system_pre_init)
                  00002aea    00000004                                   : exit.c.obj (.text:abort:abort)

.const     0    00002af0    00000144     
                  00002af0    00000090     driverlib.lib : gpio.obj (.const:g_pui32GPIOBaseAddrs)
                  00002b80    0000006c                   : sysctl.obj (.const:g_pui32Xtals)
                  00002bec    00000004     --HOLE-- [fill = 0]
                  00002bf0    00000030     rtsv7M4_T_le_v4SPD16_eabi.lib : e_pow.c.obj (.const:$O1$$)
                  00002c20    00000014     driverlib.lib : interrupt.obj (.const:g_pui32EnRegs)

.cinit     0    00002c38    00000060     
                  00002c38    0000002b     (.cinit..data.load) [load image, compression = lzss]
                  00002c63    00000001     --HOLE-- [fill = 0]
                  00002c64    0000000c     (__TI_handler_table)
                  00002c70    00000008     (.cinit..bss.load) [load image, compression = zero_init]
                  00002c78    00000008     (.cinit..vtable.load) [load image, compression = zero_init]
                  00002c80    00000018     (__TI_cinit_table)

.init_array 
*          0    00000000    00000000     UNINITIALIZED

.vtable    0    20000000    0000026c     UNINITIALIZED
                  20000000    0000026c     driverlib.lib : interrupt.obj (.vtable)

.bss       0    20000470    00000164     UNINITIALIZED
                  20000470    00000064     (.common:valor_f)
                  200004d4    00000064     (.common:valor_ox)
                  20000538    00000064     (.common:valor_p)
                  2000059c    00000010     (.common:dato)
                  200005ac    00000004     (.common:cuenta)
                  200005b0    00000004     (.common:dato1)
                  200005b4    00000004     (.common:dato_ox)
                  200005b8    00000004     (.common:dato_p)
                  200005bc    00000004     (.common:direccion_port)
                  200005c0    00000004     (.common:direccion_port1)
                  200005c4    00000004     (.common:intensidad)
                  200005c8    00000004     (.common:muestras)
                  200005cc    00000004     (.common:suma)
                  200005d0    00000001     (.common:datoLS)
                  200005d1    00000001     (.common:datoMS)
                  200005d2    00000001     (.common:direccion_disp)
                  200005d3    00000001     (.common:direccion_disp1)

.data      0    200005d4    00000030     UNINITIALIZED
                  200005d4    00000020     i2c_lcd.obj (.data:coordenadaxy)
                  200005f4    0000000c     main.obj (.data)
                  20000600    00000004     rtsv7M4_T_le_v4SPD16_eabi.lib : errno.c.obj (.data)

.stack     0    20000270    00000200     UNINITIALIZED
                  20000270    00000004     rtsv7M4_T_le_v4SPD16_eabi.lib : boot_cortex_m.c.obj (.stack)
                  20000274    000001fc     --HOLE--

__llvm_prf_cnts 
*          0    20000000    00000000     UNINITIALIZED

MODULE SUMMARY

       Module                         code    ro data   rw data
       ------                         ----    -------   -------
    .\
       i2c_lcd.obj                    1288    0         39     
       main.obj                       808     0         348    
       tm4c123gh6pm_startup_ccs.obj   12      620       0      
       i2c_max30100.obj               484     0         13     
       float_to_string.obj            356     0         0      
       bluetooth.obj                  124     0         0      
    +--+------------------------------+-------+---------+---------+
       Total:                         3072    620       400    
                                                               
    ../driverlib.lib
       interrupt.obj                  172     20        620    
       gpio.obj                       572     144       0      
       sysctl.obj                     582     108       0      
       adc.obj                        388     0         0      
       timer.obj                      220     0         0      
       uart.obj                       140     0         0      
       i2c.obj                        114     0         0      
       cpu.obj                        12      0         0      
    +--+------------------------------+-------+---------+---------+
       Total:                         2200    272       620    
                                                               
    C:\ti\ccs1010\ccs\tools\compiler\ti-cgt-arm_20.2.1.LTS\lib\rtsv7M4_T_le_v4SPD16_eabi.lib
       e_pow.c.obj                    2496    48        0      
       fd_add_t2.asm.obj              438     0         0      
       e_sqrt.c.obj                   344     0         0      
       fd_div_t2.asm.obj              310     0         0      
       s_scalbn.c.obj                 272     0         0      
       fd_cmp_t2.asm.obj              268     0         0      
       fd_mul_t2.asm.obj              252     0         0      
       memcpy_t2.asm.obj              156     0         0      
       fd_tos_t2.asm.obj              110     0         0      
       copy_decompress_lzss.c.obj     104     0         0      
       autoinit.c.obj                 68      0         0      
       fs_tod_t2.asm.obj              56      0         0      
       boot_cortex_m.c.obj            52      0         0      
       i_tofd_t2.asm.obj              46      0         0      
       u_tofd_t2.asm.obj              32      0         0      
       copy_zero_init.c.obj           28      0         0      
       s_copysign.c.obj               26      0         0      
       copy_decompress_none.c.obj     14      0         0      
       errno.c.obj                    8       0         4      
       exit.c.obj                     4       0         0      
       pre_init.c.obj                 4       0         0      
    +--+------------------------------+-------+---------+---------+
       Total:                         5088    48        4      
                                                               
       Stack:                         0       0         512    
       Linker Generated:              0       95        0      
    +--+------------------------------+-------+---------+---------+
       Grand Total:                   10360   1035      1536   


LINKER GENERATED COPY TABLES

__TI_cinit_table @ 00002c80 records: 3, size/record: 8, table size: 24
	.data: load addr=00002c38, load size=0000002b bytes, run addr=200005d4, run size=00000030 bytes, compression=lzss
	.bss: load addr=00002c70, load size=00000008 bytes, run addr=20000470, run size=00000164 bytes, compression=zero_init
	.vtable: load addr=00002c78, load size=00000008 bytes, run addr=20000000, run size=0000026c bytes, compression=zero_init


LINKER GENERATED HANDLER TABLE

__TI_handler_table @ 00002c64 records: 3, size/record: 4, table size: 12
	index: 0, handler: __TI_zero_init
	index: 1, handler: __TI_decompress_lzss
	index: 2, handler: __TI_decompress_none


GLOBAL SYMBOLS: SORTED ALPHABETICALLY BY Name 

address   name                          
-------   ----                          
00002a97  ADCIntClear                   
00002a27  ADCIntEnable                  
00002991  ADCIntRegister                
00002659  ADCSequenceConfigure          
0000293d  ADCSequenceDataGet            
00002a47  ADCSequenceDisable            
00002a55  ADCSequenceEnable             
00002395  ADCSequenceStepConfigure      
00002aeb  C$$EXIT                       
00002a7f  CPUcpsie                      
000028cf  GPIODirModeSet                
000017f9  GPIOPadConfigSet              
000026a9  GPIOPinConfigure              
000029a9  GPIOPinTypeADC                
000029bf  GPIOPinTypeI2C                
000029d5  GPIOPinTypeI2CSCL             
000029eb  GPIOPinTypeUART               
00002ab5  I2CMasterBusy                 
00002adb  I2CMasterControl              
00002adf  I2CMasterDataGet              
00002ae3  I2CMasterDataPut              
00002aa1  I2CMasterEnable               
000026f5  I2CMasterInitExpClk           
00002abd  I2CMasterSlaveAddrSet         
00000ec5  I2C_LCD_INGRESO_CHAR          
00000d77  I2C_LCD_INGRESO_COMANDO       
00000c2d  I2C_LCD_INIT                  
00001019  I2C_LCD_PLANTILLA             
0000107d  I2C_LCD_PLANTILLA_DAT         
00000cad  I2C_LCD_SET_CUR               
00000c8f  I2C_LCD_TEXTO                 
000014dd  I2C_M30100_COMANDO            
0000145d  I2C_M30100_INIT               
00001547  I2C_M30100_RESEPCION          
0000247d  IntEnable                     
00002a37  IntMasterEnable               
00002805  IntRegister                   
00002a8b  ResetISR                      
00001d59  SysCtlClockGet                
0000207d  SysCtlClockSet                
00002ad5  SysCtlDelay                   
00002839  SysCtlPeripheralEnable        
0000254d  TimerConfigure                
000025ad  TimerControlTrigger           
00002a63  TimerEnable                   
00002a15  TimerLoadSet                  
00002ac5  UARTBusy                      
00002aab  UARTCharPut                   
00002741  UARTConfigSetExpClk           
000028fd  UARTDisable                   
00002a01  UARTEnable                    
20000470  __STACK_END                   
00000200  __STACK_SIZE                  
20000470  __STACK_TOP                   
00002c80  __TI_CINIT_Base               
00002c98  __TI_CINIT_Limit              
00002c64  __TI_Handler_Table_Base       
00002c70  __TI_Handler_Table_Limit      
00002789  __TI_auto_init_nobinit_nopinit
000024e5  __TI_decompress_lzss          
00002a71  __TI_decompress_none          
ffffffff  __TI_pprof_out_hndl           
ffffffff  __TI_prof_data_size           
ffffffff  __TI_prof_data_start          
00000000  __TI_static_base__            
0000295b  __TI_zero_init_nomemset       
0000220d  __aeabi_cdcmpeq               
0000220d  __aeabi_cdcmple               
00002293  __aeabi_cdrcmple              
0000240f  __aeabi_d2f                   
0000164b  __aeabi_dadd                  
00001c21  __aeabi_ddiv                  
00001f81  __aeabi_dmul                  
00001641  __aeabi_dsub                  
00002acd  __aeabi_errno_addr            
000027cd  __aeabi_f2d                   
000028a1  __aeabi_i2d                   
00002171  __aeabi_memcpy                
00002171  __aeabi_memcpy4               
00002171  __aeabi_memcpy8               
0000291d  __aeabi_ui2d                  
ffffffff  __binit__                     
ffffffff  __c_args__                    
UNDEFED   __mpu_init                    
20000270  __stack                       
20000000  __start___llvm_prf_cnts       
20000000  __stop___llvm_prf_cnts        
0000286d  _c_int00_noargs               
UNDEFED   _system_post_cinit            
00002ae7  _system_pre_init              
00002aeb  abort                         
0000128f  adc_inter                     
ffffffff  binit                         
00002319  bluetooth_char                
00002341  bluetooth_text                
00000cd1  comando_simple                
0000235f  concatenar                    
000012af  contrl_inter                  
200005d4  coordenadaxy                  
00002977  copysign                      
00002977  copysignl                     
200005ac  cuenta                        
2000059c  dato                          
200005b0  dato1                         
200005d0  datoLS                        
200005d1  datoMS                        
200005b4  dato_ox                       
200005b8  dato_p                        
00001613  delayMils                     
000010df  delayMs                       
000010fd  delayUs                       
200005d2  direccion_disp                
200005d3  direccion_disp1               
200005bc  direccion_port                
200005c0  direccion_port1               
20000600  errno                         
00001a1f  ftoa                          
20000000  g_pfnRAMVectors               
00000000  g_pfnVectors                  
00001205  init_ADC                      
0000118f  init_i2c                      
000011c9  init_uart                     
000019b5  intToStr                      
200005c4  intensidad                    
00001e71  ldexp                         
00001e71  ldexpl                        
00001135  main                          
00002171  memcpy                        
200005c8  muestras                      
0000026d  pow                           
0000026d  powl                          
00001965  reverse                       
00001e71  scalbn                        
00001e71  scalbnl                       
00001ac9  sqrt                          
00001ac9  sqrtl                         
200005cc  suma                          
200005fc  temp_promedio                 
200005f8  temp_total                    
200005f4  valor                         
20000470  valor_f                       
200004d4  valor_ox                      
20000538  valor_p                       


GLOBAL SYMBOLS: SORTED BY Symbol Address 

address   name                          
-------   ----                          
00000000  __TI_static_base__            
00000000  g_pfnVectors                  
00000200  __STACK_SIZE                  
0000026d  pow                           
0000026d  powl                          
00000c2d  I2C_LCD_INIT                  
00000c8f  I2C_LCD_TEXTO                 
00000cad  I2C_LCD_SET_CUR               
00000cd1  comando_simple                
00000d77  I2C_LCD_INGRESO_COMANDO       
00000ec5  I2C_LCD_INGRESO_CHAR          
00001019  I2C_LCD_PLANTILLA             
0000107d  I2C_LCD_PLANTILLA_DAT         
000010df  delayMs                       
000010fd  delayUs                       
00001135  main                          
0000118f  init_i2c                      
000011c9  init_uart                     
00001205  init_ADC                      
0000128f  adc_inter                     
000012af  contrl_inter                  
0000145d  I2C_M30100_INIT               
000014dd  I2C_M30100_COMANDO            
00001547  I2C_M30100_RESEPCION          
00001613  delayMils                     
00001641  __aeabi_dsub                  
0000164b  __aeabi_dadd                  
000017f9  GPIOPadConfigSet              
00001965  reverse                       
000019b5  intToStr                      
00001a1f  ftoa                          
00001ac9  sqrt                          
00001ac9  sqrtl                         
00001c21  __aeabi_ddiv                  
00001d59  SysCtlClockGet                
00001e71  ldexp                         
00001e71  ldexpl                        
00001e71  scalbn                        
00001e71  scalbnl                       
00001f81  __aeabi_dmul                  
0000207d  SysCtlClockSet                
00002171  __aeabi_memcpy                
00002171  __aeabi_memcpy4               
00002171  __aeabi_memcpy8               
00002171  memcpy                        
0000220d  __aeabi_cdcmpeq               
0000220d  __aeabi_cdcmple               
00002293  __aeabi_cdrcmple              
00002319  bluetooth_char                
00002341  bluetooth_text                
0000235f  concatenar                    
00002395  ADCSequenceStepConfigure      
0000240f  __aeabi_d2f                   
0000247d  IntEnable                     
000024e5  __TI_decompress_lzss          
0000254d  TimerConfigure                
000025ad  TimerControlTrigger           
00002659  ADCSequenceConfigure          
000026a9  GPIOPinConfigure              
000026f5  I2CMasterInitExpClk           
00002741  UARTConfigSetExpClk           
00002789  __TI_auto_init_nobinit_nopinit
000027cd  __aeabi_f2d                   
00002805  IntRegister                   
00002839  SysCtlPeripheralEnable        
0000286d  _c_int00_noargs               
000028a1  __aeabi_i2d                   
000028cf  GPIODirModeSet                
000028fd  UARTDisable                   
0000291d  __aeabi_ui2d                  
0000293d  ADCSequenceDataGet            
0000295b  __TI_zero_init_nomemset       
00002977  copysign                      
00002977  copysignl                     
00002991  ADCIntRegister                
000029a9  GPIOPinTypeADC                
000029bf  GPIOPinTypeI2C                
000029d5  GPIOPinTypeI2CSCL             
000029eb  GPIOPinTypeUART               
00002a01  UARTEnable                    
00002a15  TimerLoadSet                  
00002a27  ADCIntEnable                  
00002a37  IntMasterEnable               
00002a47  ADCSequenceDisable            
00002a55  ADCSequenceEnable             
00002a63  TimerEnable                   
00002a71  __TI_decompress_none          
00002a7f  CPUcpsie                      
00002a8b  ResetISR                      
00002a97  ADCIntClear                   
00002aa1  I2CMasterEnable               
00002aab  UARTCharPut                   
00002ab5  I2CMasterBusy                 
00002abd  I2CMasterSlaveAddrSet         
00002ac5  UARTBusy                      
00002acd  __aeabi_errno_addr            
00002ad5  SysCtlDelay                   
00002adb  I2CMasterControl              
00002adf  I2CMasterDataGet              
00002ae3  I2CMasterDataPut              
00002ae7  _system_pre_init              
00002aeb  C$$EXIT                       
00002aeb  abort                         
00002c64  __TI_Handler_Table_Base       
00002c70  __TI_Handler_Table_Limit      
00002c80  __TI_CINIT_Base               
00002c98  __TI_CINIT_Limit              
20000000  __start___llvm_prf_cnts       
20000000  __stop___llvm_prf_cnts        
20000000  g_pfnRAMVectors               
20000270  __stack                       
20000470  __STACK_END                   
20000470  __STACK_TOP                   
20000470  valor_f                       
200004d4  valor_ox                      
20000538  valor_p                       
2000059c  dato                          
200005ac  cuenta                        
200005b0  dato1                         
200005b4  dato_ox                       
200005b8  dato_p                        
200005bc  direccion_port                
200005c0  direccion_port1               
200005c4  intensidad                    
200005c8  muestras                      
200005cc  suma                          
200005d0  datoLS                        
200005d1  datoMS                        
200005d2  direccion_disp                
200005d3  direccion_disp1               
200005d4  coordenadaxy                  
200005f4  valor                         
200005f8  temp_total                    
200005fc  temp_promedio                 
20000600  errno                         
ffffffff  __TI_pprof_out_hndl           
ffffffff  __TI_prof_data_size           
ffffffff  __TI_prof_data_start          
ffffffff  __binit__                     
ffffffff  __c_args__                    
ffffffff  binit                         
UNDEFED   __mpu_init                    
UNDEFED   _system_post_cinit            

[143 symbols]
